TS 1776790301.000000000 2026-04-21 16:51:41
MemTotal:       32654396 kB
MemFree:        11634540 kB
MemAvailable:   28222432 kB
Buffers:           13864 kB
Cached:         16704284 kB
SwapCached:            0 kB
Active:         13827660 kB
Inactive:        5724532 kB
Dirty:              1780 kB
Writeback:             0 kB
AnonPages:       2788416 kB
Mapped:           569232 kB
Shmem:            320476 kB
Slab:             804612 kB
SReclaimable:     648384 kB
SUnreclaim:       156228 kB
SwapTotal:      33554428 kB
SwapFree:       33554428 kB
TS 1776790302.000000000 2026-04-21 16:51:42
MemTotal:       32654396 kB
MemFree:        11614540 kB
MemAvailable:   28202432 kB
Buffers:           13864 kB
Cached:         16714284 kB
SwapCached:            0 kB
Active:         13847660 kB
Inactive:        5724532 kB
Dirty:              2048 kB
Writeback:             0 kB
AnonPages:       2808416 kB
Mapped:           569232 kB
Shmem:            320476 kB
Slab:             805612 kB
SReclaimable:     649384 kB
SUnreclaim:       156228 kB
SwapTotal:      33554428 kB
SwapFree:       33554428 kB
TS 1776790303.000000000 2026-04-21 16:51:43
MemTotal:       32654396 kB
MemFree:        11594540 kB
MemAvailable:   28182432 kB
Buffers:           13864 kB
Cached:         16734284 kB
SwapCached:            0 kB
Active:         13867660 kB
Inactive:        5724532 kB
Dirty:              1500 kB
Writeback:             0 kB
AnonPages:       2818416 kB
Mapped:           569232 kB
Shmem:            320476 kB
Slab:             806612 kB
SReclaimable:     650384 kB
SUnreclaim:       156228 kB
SwapTotal:      33554428 kB
SwapFree:       33554428 kB
