TS 1776790331.000000000 2026-04-21 16:52:11
MemTotal:       32654396 kB
MemFree:        11574540 kB
MemAvailable:   28162432 kB
Buffers:           13864 kB
Cached:         16744284 kB
SwapCached:            0 kB
Active:         13887660 kB
Inactive:        5724532 kB
Dirty:              2200 kB
Writeback:             0 kB
AnonPages:       2838416 kB
Mapped:           569232 kB
Shmem:            320476 kB
Slab:             807612 kB
SReclaimable:     651384 kB
SUnreclaim:       156228 kB
SwapTotal:      33554428 kB
SwapFree:       33554428 kB
TS 1776790332.000000000 2026-04-21 16:52:12
MemTotal:       32654396 kB
MemFree:        11554540 kB
MemAvailable:   28142432 kB
Buffers:           13864 kB
Cached:         16754284 kB
SwapCached:            0 kB
Active:         13907660 kB
Inactive:        5724532 kB
Dirty:              1900 kB
Writeback:             0 kB
AnonPages:       2858416 kB
Mapped:           569232 kB
Shmem:            320476 kB
Slab:             808612 kB
SReclaimable:     652384 kB
SUnreclaim:       156228 kB
SwapTotal:      33554428 kB
SwapFree:       33554428 kB
TS 1776790333.000000000 2026-04-21 16:52:13
MemTotal:       32654396 kB
MemFree:        11534540 kB
MemAvailable:   28122432 kB
Buffers:           13864 kB
Cached:         16764284 kB
SwapCached:            0 kB
Active:         13927660 kB
Inactive:        5724532 kB
Dirty:              1600 kB
Writeback:             0 kB
AnonPages:       2878416 kB
Mapped:           569232 kB
Shmem:            320476 kB
Slab:             809612 kB
SReclaimable:     653384 kB
SUnreclaim:       156228 kB
SwapTotal:      33554428 kB
SwapFree:       33554428 kB
